23 | struct Case { proof: Proof, publicSignals: Vec<String> }


running 2 tests
a depth-20 proof for "online-tutors" is rejected when the instruction says "house-cleaning"
test a_proof_for_another_market_is_rejected ... ok

== 1 proof only ==
   compute units consumed: 99798   (limit 1,400,000)
   Program log: start
   Program consumption: 1399234 units remaining
   Program log: verified proof 0
   Program consumption: 1302030 units remaining
   Program log: keccak scope checked against the proof
   Program consumption: 1301640 units remaining
   Program log: poseidon x0
   Program consumption: 1301151 units remaining
   Program log: pdas x0
   Program consumption: 1300503 units remaining
   Program log: end
   Program consumption: 1300298 units remaining
   Program FoREsT1itwbGkPHmVqNtR6eZ4ZtwW5g2SsYZrKt8Hnfe consumed 99648 of 1399850 compute units

== 2 proofs only ==
   compute units consumed: 196889   (limit 1,400,000)
   Program log: start
   Program consumption: 1399234 units remaining
   Program log: verified proof 0
   Program consumption: 1302030 units remaining
   Program log: verified proof 1
   Program consumption: 1204939 units remaining
   Program log: keccak scope checked against the proof
   Program consumption: 1204549 units remaining
   Program log: poseidon x0
   Program consumption: 1204060 units remaining
   Program log: pdas x0
   Program consumption: 1203412 units remaining
   Program log: end
   Program consumption: 1203207 units remaining
   Program FoREsT1itwbGkPHmVqNtR6eZ4ZtwW5g2SsYZrKt8Hnfe consumed 196739 of 1399850 compute units

== 2 proofs + keccak + 20 poseidon + 2 PDAs (free number) ==
   compute units consumed: 222016   (limit 1,400,000)
   Program log: start
   Program consumption: 1398966 units remaining
   Program log: verified proof 0
   Program consumption: 1301762 units remaining
   Program log: verified proof 1
   Program consumption: 1204671 units remaining
   Program log: keccak scope checked against the proof
   Program consumption: 1204281 units remaining
   Program log: poseidon x20
   Program consumption: 1186855 units remaining
   Program log: pdas x2
   Program consumption: 1178367 units remaining
   Program log: end
   Program consumption: 1178162 units remaining
   Program FoREsT1itwbGkPHmVqNtR6eZ4ZtwW5g2SsYZrKt8Hnfe consumed 221866 of 1399850 compute units

== 2 proofs + keccak + 20 poseidon + 2 PDAs + token transfer (paid) ==
   compute units consumed: 224890   (limit 1,400,000)
   Program log: start
   Program consumption: 1398429 units remaining
   Program log: verified proof 0
   Program consumption: 1301225 units remaining
   Program log: verified proof 1
   Program consumption: 1204134 units remaining
   Program log: keccak scope checked against the proof
   Program consumption: 1203744 units remaining
   Program log: poseidon x20
   Program consumption: 1186318 units remaining
   Program log: pdas x2
   Program consumption: 1177830 units remaining
   Program TokenkegQfeZyiNwAJbNbGKPFXCWuBvf9Ss623VQ5DA consumed 76 of 1176004 compute units
   Program log: transfer
   Program consumption: 1175656 units remaining
   Program log: end
   Program consumption: 1175452 units remaining
   Program FoREsT1itwbGkPHmVqNtR6eZ4ZtwW5g2SsYZrKt8Hnfe consumed 224740 of 1399850 compute units

== 3 proofs + keccak + 20 poseidon + 2 PDAs + token transfer (paid, gap check) ==
   compute units consumed: 321981   (limit 1,400,000)
   Program log: start
   Program consumption: 1398429 units remaining
   Program log: verified proof 0
   Program consumption: 1301225 units remaining
   Program log: verified proof 1
   Program consumption: 1204134 units remaining
   Program log: verified proof 2
   Program consumption: 1107043 units remaining
   Program log: keccak scope checked against the proof
   Program consumption: 1106653 units remaining
   Program log: poseidon x20
   Program consumption: 1089227 units remaining
   Program log: pdas x2
   Program consumption: 1080739 units remaining
   Program TokenkegQfeZyiNwAJbNbGKPFXCWuBvf9Ss623VQ5DA consumed 76 of 1078913 compute units
   Program log: transfer
   Program consumption: 1078565 units remaining
   Program log: end
   Program consumption: 1078361 units remaining
   Program FoREsT1itwbGkPHmVqNtR6eZ4ZtwW5g2SsYZrKt8Hnfe consumed 321831 of 1399850 compute units
test compute_units_for_a_registration ... ok

test result: ok. 2 passed; 0 failed; 0 ignored; 0 measured; 0 filtered out; finished in 1.54s

